###############################################################################
#
# IAR ELF Linker V7.10.1.6676/W32 for ARM                 08/Sep/2017  09:56:46
# Copyright 2007-2014 IAR Systems AB.
#
#    Output file  =  
#        C:\sw\STM32F303VC\ST
#        discovery\STM32F3-Discovery_FW_V1.1.0\STM32F3-Discovery_FW_V1.1.0\Project\Peripheral_Examples\GPIO_IOToggle\EWARM\GPIO_IOToggle\Exe\GPIO_IOToggle.out
#    Map file     =  
#        C:\sw\STM32F303VC\ST
#        discovery\STM32F3-Discovery_FW_V1.1.0\STM32F3-Discovery_FW_V1.1.0\Project\Peripheral_Examples\GPIO_IOToggle\EWARM\GPIO_IOToggle\List\GPIO_IOToggle.map
#    Command line =  
#        "C:\sw\STM32F303VC\ST
#        discovery\STM32F3-Discovery_FW_V1.1.0\STM32F3-Discovery_FW_V1.1.0\Project\Peripheral_Examples\GPIO_IOToggle\EWARM\GPIO_IOToggle\Obj\main.o"
#        "C:\sw\STM32F303VC\ST
#        discovery\STM32F3-Discovery_FW_V1.1.0\STM32F3-Discovery_FW_V1.1.0\Project\Peripheral_Examples\GPIO_IOToggle\EWARM\GPIO_IOToggle\Obj\startup_stm32f30x.o"
#        "C:\sw\STM32F303VC\ST
#        discovery\STM32F3-Discovery_FW_V1.1.0\STM32F3-Discovery_FW_V1.1.0\Project\Peripheral_Examples\GPIO_IOToggle\EWARM\GPIO_IOToggle\Obj\stm32f30x_gpio.o"
#        "C:\sw\STM32F303VC\ST
#        discovery\STM32F3-Discovery_FW_V1.1.0\STM32F3-Discovery_FW_V1.1.0\Project\Peripheral_Examples\GPIO_IOToggle\EWARM\GPIO_IOToggle\Obj\stm32f30x_it.o"
#        "C:\sw\STM32F303VC\ST
#        discovery\STM32F3-Discovery_FW_V1.1.0\STM32F3-Discovery_FW_V1.1.0\Project\Peripheral_Examples\GPIO_IOToggle\EWARM\GPIO_IOToggle\Obj\stm32f30x_misc.o"
#        "C:\sw\STM32F303VC\ST
#        discovery\STM32F3-Discovery_FW_V1.1.0\STM32F3-Discovery_FW_V1.1.0\Project\Peripheral_Examples\GPIO_IOToggle\EWARM\GPIO_IOToggle\Obj\stm32f30x_rcc.o"
#        "C:\sw\STM32F303VC\ST
#        discovery\STM32F3-Discovery_FW_V1.1.0\STM32F3-Discovery_FW_V1.1.0\Project\Peripheral_Examples\GPIO_IOToggle\EWARM\GPIO_IOToggle\Obj\stm32f3_discovery.o"
#        "C:\sw\STM32F303VC\ST
#        discovery\STM32F3-Discovery_FW_V1.1.0\STM32F3-Discovery_FW_V1.1.0\Project\Peripheral_Examples\GPIO_IOToggle\EWARM\GPIO_IOToggle\Obj\system_stm32f30x.o"
#        --redirect _Printf=_PrintfSmall --redirect _Scanf=_ScanfSmall -o
#        "C:\sw\STM32F303VC\ST
#        discovery\STM32F3-Discovery_FW_V1.1.0\STM32F3-Discovery_FW_V1.1.0\Project\Peripheral_Examples\GPIO_IOToggle\EWARM\GPIO_IOToggle\Exe\GPIO_IOToggle.out"
#        --map "C:\sw\STM32F303VC\ST
#        discovery\STM32F3-Discovery_FW_V1.1.0\STM32F3-Discovery_FW_V1.1.0\Project\Peripheral_Examples\GPIO_IOToggle\EWARM\GPIO_IOToggle\List\GPIO_IOToggle.map"
#        --config "C:\sw\STM32F303VC\ST
#        discovery\STM32F3-Discovery_FW_V1.1.0\STM32F3-Discovery_FW_V1.1.0\Project\Peripheral_Examples\GPIO_IOToggle\EWARM\stm32f30x_flash.icf"
#        --semihosting --entry __iar_program_start --vfe
#
###############################################################################

*******************************************************************************
*** RUNTIME MODEL ATTRIBUTES
***

CppFlavor       = *
__SystemLibrary = DLib


*******************************************************************************
*** PLACEMENT SUMMARY
***

"A1":  place at 0x08000000 { ro section .intvec };
"P1":  place in [from 0x08000000 to 0x0803ffff] { ro };
"P2":  place in [from 0x20000000 to 0x20007fff] { rw, block CSTACK, block HEAP };

  Section          Kind        Address   Size  Object
  -------          ----        -------   ----  ------
"A1":                                   0x188
  .intvec          ro code  0x08000000  0x188  startup_stm32f30x.o [1]
                          - 0x08000188  0x188

"P1":                                   0x3d4
  .text            ro code  0x08000188   0xf4  system_stm32f30x.o [1]
  .text            ro code  0x0800027c   0x74  stm32f30x_gpio.o [1]
  .text            ro code  0x080002f0   0x60  main.o [1]
  .text            ro code  0x08000350   0x18  stm32f30x_rcc.o [1]
  .text            ro code  0x08000368   0x28  data_init.o [5]
  .text            ro code  0x08000390   0x22  zero_init3.o [5]
  .iar.init_table  const    0x080003b4   0x10  - Linker created -
  .text            ro code  0x080003c4   0x12  stm32f30x_it.o [1]
  .text            ro code  0x080003d8   0x1a  fpinit_M.o [4]
  .text            ro code  0x080003f4   0x1a  cmain.o [5]
  .text            ro code  0x0800040e    0x4  low_level_init.o [3]
  .text            ro code  0x08000412    0x4  exit.o [3]
  .text            ro code  0x08000418    0xa  cexit.o [5]
  .text            ro code  0x08000424   0x14  exit.o [6]
  .text            ro code  0x08000438   0x10  startup_stm32f30x.o [1]
  .text            ro code  0x08000448    0xc  cstartup_M.o [5]
  .text            ro code  0x08000454    0x4  startup_stm32f30x.o [1]
  .text            ro code  0x08000458    0x4  startup_stm32f30x.o [1]
  .text            ro code  0x0800045c    0x4  startup_stm32f30x.o [1]
  .text            ro code  0x08000460    0x4  startup_stm32f30x.o [1]
  .text            ro code  0x08000464    0x4  startup_stm32f30x.o [1]
  .text            ro code  0x08000468    0x4  startup_stm32f30x.o [1]
  .text            ro code  0x0800046c    0x4  startup_stm32f30x.o [1]
  .text            ro code  0x08000470    0x4  startup_stm32f30x.o [1]
  .text            ro code  0x08000474    0x4  startup_stm32f30x.o [1]
  .text            ro code  0x08000478    0x4  startup_stm32f30x.o [1]
  .text            ro code  0x0800047c    0x4  startup_stm32f30x.o [1]
  .text            ro code  0x08000480    0x4  startup_stm32f30x.o [1]
  .text            ro code  0x08000484    0x4  startup_stm32f30x.o [1]
  .text            ro code  0x08000488    0x4  startup_stm32f30x.o [1]
  .text            ro code  0x0800048c    0x4  startup_stm32f30x.o [1]
  .text            ro code  0x08000490    0x4  startup_stm32f30x.o [1]
  .text            ro code  0x08000494    0x4  startup_stm32f30x.o [1]
  .text            ro code  0x08000498    0x4  startup_stm32f30x.o [1]
  .text            ro code  0x0800049c    0x4  startup_stm32f30x.o [1]
  .text            ro code  0x080004a0    0x4  startup_stm32f30x.o [1]
  .text            ro code  0x080004a4    0x4  startup_stm32f30x.o [1]
  .text            ro code  0x080004a8    0x4  startup_stm32f30x.o [1]
  .text            ro code  0x080004ac    0x4  startup_stm32f30x.o [1]
  .text            ro code  0x080004b0    0x4  startup_stm32f30x.o [1]
  .text            ro code  0x080004b4    0x4  startup_stm32f30x.o [1]
  .text            ro code  0x080004b8    0x4  startup_stm32f30x.o [1]
  .text            ro code  0x080004bc    0x4  startup_stm32f30x.o [1]
  .text            ro code  0x080004c0    0x4  startup_stm32f30x.o [1]
  .text            ro code  0x080004c4    0x4  startup_stm32f30x.o [1]
  .text            ro code  0x080004c8    0x4  startup_stm32f30x.o [1]
  .text            ro code  0x080004cc    0x4  startup_stm32f30x.o [1]
  .text            ro code  0x080004d0    0x4  startup_stm32f30x.o [1]
  .text            ro code  0x080004d4    0x4  startup_stm32f30x.o [1]
  .text            ro code  0x080004d8    0x4  startup_stm32f30x.o [1]
  .text            ro code  0x080004dc    0x4  startup_stm32f30x.o [1]
  .text            ro code  0x080004e0    0x4  startup_stm32f30x.o [1]
  .text            ro code  0x080004e4    0x4  startup_stm32f30x.o [1]
  .text            ro code  0x080004e8    0x4  startup_stm32f30x.o [1]
  .text            ro code  0x080004ec    0x4  startup_stm32f30x.o [1]
  .text            ro code  0x080004f0    0x4  startup_stm32f30x.o [1]
  .text            ro code  0x080004f4    0x4  startup_stm32f30x.o [1]
  .text            ro code  0x080004f8    0x4  startup_stm32f30x.o [1]
  .text            ro code  0x080004fc    0x4  startup_stm32f30x.o [1]
  .text            ro code  0x08000500    0x4  startup_stm32f30x.o [1]
  .text            ro code  0x08000504    0x4  startup_stm32f30x.o [1]
  .text            ro code  0x08000508    0x4  startup_stm32f30x.o [1]
  .text            ro code  0x0800050c    0x4  startup_stm32f30x.o [1]
  .text            ro code  0x08000510    0x4  startup_stm32f30x.o [1]
  .text            ro code  0x08000514    0x4  startup_stm32f30x.o [1]
  .text            ro code  0x08000518    0x4  startup_stm32f30x.o [1]
  .text            ro code  0x0800051c    0x4  startup_stm32f30x.o [1]
  .text            ro code  0x08000520    0x4  startup_stm32f30x.o [1]
  .text            ro code  0x08000524    0x4  startup_stm32f30x.o [1]
  .text            ro code  0x08000528    0x4  startup_stm32f30x.o [1]
  .text            ro code  0x0800052c    0x4  startup_stm32f30x.o [1]
  .text            ro code  0x08000530    0x4  startup_stm32f30x.o [1]
  .text            ro code  0x08000534    0x4  startup_stm32f30x.o [1]
  .text            ro code  0x08000538    0x4  startup_stm32f30x.o [1]
  .text            ro code  0x0800053c    0x4  startup_stm32f30x.o [1]
  .text            ro code  0x08000540    0x4  startup_stm32f30x.o [1]
  .text            ro code  0x08000544    0x4  startup_stm32f30x.o [1]
  .text            ro code  0x08000548    0x4  startup_stm32f30x.o [1]
  .text            ro code  0x0800054c    0x4  startup_stm32f30x.o [1]
  .text            ro code  0x08000550    0x4  startup_stm32f30x.o [1]
  .text            ro code  0x08000554    0x4  startup_stm32f30x.o [1]
  .text            ro code  0x08000558    0x4  startup_stm32f30x.o [1]
  .rodata          const    0x0800055c    0x0  zero_init3.o [5]
                          - 0x0800055c  0x3d4

"P2", part 1 of 2:                        0x8
  .bss             zero     0x20000000    0x8  main.o [1]
                          - 0x20000008    0x8

"P2", part 2 of 2:                      0x400
  CSTACK                    0x20000008  0x400  <Block>
    CSTACK         uninit   0x20000008  0x400  <Block tail>
                          - 0x20000408  0x400


*******************************************************************************
*** INIT TABLE
***

          Address     Size
          -------     ----
Zero (__iar_zero_init3)
    1 destination range, total size 0x8:
          0x20000000   0x8



*******************************************************************************
*** MODULE SUMMARY
***

    Module               ro code  ro data  rw data
    ------               -------  -------  -------
C:\sw\STM32F303VC\ST discovery\STM32F3-Discovery_FW_V1.1.0\STM32F3-Discovery_FW_V1.1.0\Project\Peripheral_Examples\GPIO_IOToggle\EWARM\GPIO_IOToggle\Obj: [1]
    main.o                    96                 8
    startup_stm32f30x.o      672
    stm32f30x_gpio.o         116
    stm32f30x_it.o            18
    stm32f30x_rcc.o           24
    system_stm32f30x.o       244
    ----------------------------------------------
    Total:                 1 170                 8

command line: [2]
    ----------------------------------------------
    Total:

dl7M_tln.a: [3]
    exit.o                     4
    low_level_init.o           4
    ----------------------------------------------
    Total:                     8

m7M_tlv.a: [4]
    fpinit_M.o                26
    ----------------------------------------------
    Total:                    26

rt7M_tl.a: [5]
    cexit.o                   10
    cmain.o                   26
    cstartup_M.o              12
    data_init.o               40
    zero_init3.o              34
    ----------------------------------------------
    Total:                   122

shb_l.a: [6]
    exit.o                    20
    ----------------------------------------------
    Total:                    20

    Gaps                       8        2
    Linker created                     16    1 024
--------------------------------------------------
    Grand Total:           1 354       18    1 032


*******************************************************************************
*** ENTRY LIST
***

Entry                     Address  Size  Type      Object
-----                     -------  ----  ----      ------
?main                  0x080003f5        Code  Gb  cmain.o [5]
BusFault_Handler       0x080003cb   0x2  Code  Gb  stm32f30x_it.o [1]
CSTACK$$Base           0x20000008         --   Gb  - Linker created -
CSTACK$$Limit          0x20000408         --   Gb  - Linker created -
DebugMon_Handler       0x080003d1   0x2  Code  Gb  stm32f30x_it.o [1]
GPIO_Init              0x0800027d  0x74  Code  Gb  stm32f30x_gpio.o [1]
GPIO_InitStructure     0x20000000   0x8  Data  Gb  main.o [1]
HardFault_Handler      0x080003c7   0x2  Code  Gb  stm32f30x_it.o [1]
MemManage_Handler      0x080003c9   0x2  Code  Gb  stm32f30x_it.o [1]
NMI_Handler            0x080003c5   0x2  Code  Gb  stm32f30x_it.o [1]
PendSV_Handler         0x080003d3   0x2  Code  Gb  stm32f30x_it.o [1]
RCC_AHBPeriphClockCmd  0x08000351  0x12  Code  Gb  stm32f30x_rcc.o [1]
Region$$Table$$Base    0x080003b4         --   Gb  - Linker created -
Region$$Table$$Limit   0x080003c4         --   Gb  - Linker created -
SVC_Handler            0x080003cf   0x2  Code  Gb  stm32f30x_it.o [1]
SysTick_Handler        0x080003d5   0x2  Code  Gb  stm32f30x_it.o [1]
SystemInit             0x08000189  0xdc  Code  Gb  system_stm32f30x.o [1]
UsageFault_Handler     0x080003cd   0x2  Code  Gb  stm32f30x_it.o [1]
__cmain                0x080003f5        Code  Gb  cmain.o [5]
__exit                 0x08000425  0x14  Code  Gb  exit.o [6]
__iar_data_init3       0x08000369  0x28  Code  Gb  data_init.o [5]
__iar_init_vfp         0x080003d9        Code  Gb  fpinit_M.o [4]
__iar_program_start    0x08000449        Code  Gb  cstartup_M.o [5]
__iar_zero_init3       0x08000391  0x22  Code  Gb  zero_init3.o [5]
__low_level_init       0x0800040f   0x4  Code  Gb  low_level_init.o [3]
__vector_table         0x08000000        Data  Gb  startup_stm32f30x.o [1]
_call_main             0x08000401        Code  Gb  cmain.o [5]
_exit                  0x08000419        Code  Gb  cexit.o [5]
_main                  0x0800040b        Code  Gb  cmain.o [5]
exit                   0x08000413   0x4  Code  Gb  exit.o [3]
main                   0x080002f1  0x60  Code  Gb  main.o [1]


[1] = C:\sw\STM32F303VC\ST discovery\STM32F3-Discovery_FW_V1.1.0\STM32F3-Discovery_FW_V1.1.0\Project\Peripheral_Examples\GPIO_IOToggle\EWARM\GPIO_IOToggle\Obj
[2] = command line
[3] = dl7M_tln.a
[4] = m7M_tlv.a
[5] = rt7M_tl.a
[6] = shb_l.a

  1 354 bytes of readonly  code memory
     18 bytes of readonly  data memory
  1 032 bytes of readwrite data memory

Errors: none
Warnings: none
