###############################################################################
#
# IAR ELF Linker V7.10.1.6676/W32 for ARM                 08/Sep/2017  09:39:09
# Copyright 2007-2014 IAR Systems AB.
#
#    Output file  =  
#        C:\sw\STM32F303VC\ST
#        discovery\STM32F3-Discovery_FW_V1.1.0\STM32F3-Discovery_FW_V1.1.0\Project\Peripheral_Examples\FLASH_Program\EWARM\FLASH_Program\Exe\FLASH_Program.out
#    Map file     =  
#        C:\sw\STM32F303VC\ST
#        discovery\STM32F3-Discovery_FW_V1.1.0\STM32F3-Discovery_FW_V1.1.0\Project\Peripheral_Examples\FLASH_Program\EWARM\FLASH_Program\List\FLASH_Program.map
#    Command line =  
#        "C:\sw\STM32F303VC\ST
#        discovery\STM32F3-Discovery_FW_V1.1.0\STM32F3-Discovery_FW_V1.1.0\Project\Peripheral_Examples\FLASH_Program\EWARM\FLASH_Program\Obj\main.o"
#        "C:\sw\STM32F303VC\ST
#        discovery\STM32F3-Discovery_FW_V1.1.0\STM32F3-Discovery_FW_V1.1.0\Project\Peripheral_Examples\FLASH_Program\EWARM\FLASH_Program\Obj\startup_stm32f30x.o"
#        "C:\sw\STM32F303VC\ST
#        discovery\STM32F3-Discovery_FW_V1.1.0\STM32F3-Discovery_FW_V1.1.0\Project\Peripheral_Examples\FLASH_Program\EWARM\FLASH_Program\Obj\stm32f30x_flash.o"
#        "C:\sw\STM32F303VC\ST
#        discovery\STM32F3-Discovery_FW_V1.1.0\STM32F3-Discovery_FW_V1.1.0\Project\Peripheral_Examples\FLASH_Program\EWARM\FLASH_Program\Obj\stm32f30x_gpio.o"
#        "C:\sw\STM32F303VC\ST
#        discovery\STM32F3-Discovery_FW_V1.1.0\STM32F3-Discovery_FW_V1.1.0\Project\Peripheral_Examples\FLASH_Program\EWARM\FLASH_Program\Obj\stm32f30x_it.o"
#        "C:\sw\STM32F303VC\ST
#        discovery\STM32F3-Discovery_FW_V1.1.0\STM32F3-Discovery_FW_V1.1.0\Project\Peripheral_Examples\FLASH_Program\EWARM\FLASH_Program\Obj\stm32f30x_misc.o"
#        "C:\sw\STM32F303VC\ST
#        discovery\STM32F3-Discovery_FW_V1.1.0\STM32F3-Discovery_FW_V1.1.0\Project\Peripheral_Examples\FLASH_Program\EWARM\FLASH_Program\Obj\stm32f30x_rcc.o"
#        "C:\sw\STM32F303VC\ST
#        discovery\STM32F3-Discovery_FW_V1.1.0\STM32F3-Discovery_FW_V1.1.0\Project\Peripheral_Examples\FLASH_Program\EWARM\FLASH_Program\Obj\stm32f3_discovery.o"
#        "C:\sw\STM32F303VC\ST
#        discovery\STM32F3-Discovery_FW_V1.1.0\STM32F3-Discovery_FW_V1.1.0\Project\Peripheral_Examples\FLASH_Program\EWARM\FLASH_Program\Obj\system_stm32f30x.o"
#        --redirect _Printf=_PrintfSmall --redirect _Scanf=_ScanfSmall -o
#        "C:\sw\STM32F303VC\ST
#        discovery\STM32F3-Discovery_FW_V1.1.0\STM32F3-Discovery_FW_V1.1.0\Project\Peripheral_Examples\FLASH_Program\EWARM\FLASH_Program\Exe\FLASH_Program.out"
#        --map "C:\sw\STM32F303VC\ST
#        discovery\STM32F3-Discovery_FW_V1.1.0\STM32F3-Discovery_FW_V1.1.0\Project\Peripheral_Examples\FLASH_Program\EWARM\FLASH_Program\List\FLASH_Program.map"
#        --config "C:\sw\STM32F303VC\ST
#        discovery\STM32F3-Discovery_FW_V1.1.0\STM32F3-Discovery_FW_V1.1.0\Project\Peripheral_Examples\FLASH_Program\EWARM\stm32f30x_flash.icf"
#        --semihosting --entry __iar_program_start --vfe
#
###############################################################################

*******************************************************************************
*** RUNTIME MODEL ATTRIBUTES
***

CppFlavor       = *
__SystemLibrary = DLib


*******************************************************************************
*** PLACEMENT SUMMARY
***

"A1":  place at 0x08000000 { ro section .intvec };
"P1":  place in [from 0x08000000 to 0x0803ffff] { ro };
"P2":  place in [from 0x20000000 to 0x20007fff] { rw, block CSTACK, block HEAP };

  Section            Kind        Address   Size  Object
  -------            ----        -------   ----  ------
"A1":                                     0x188
  .intvec            ro code  0x08000000  0x188  startup_stm32f30x.o [1]
                            - 0x08000188  0x188

"P1":                                     0x490
  .text              ro code  0x08000188   0xf8  stm32f30x_flash.o [1]
  .text              ro code  0x08000280   0xf8  system_stm32f30x.o [1]
  .text              ro code  0x08000378   0x8c  main.o [1]
  .text              ro code  0x08000404   0x2e  copy_init3.o [5]
  .text              ro code  0x08000432   0x12  stm32f30x_it.o [1]
  .text              ro code  0x08000444   0x28  data_init.o [5]
  .iar.init_table    const    0x0800046c   0x14  - Linker created -
  .text              ro code  0x08000480   0x1a  fpinit_M.o [4]
  .text              ro code  0x0800049c   0x1a  cmain.o [5]
  .text              ro code  0x080004b6    0x4  low_level_init.o [3]
  .text              ro code  0x080004ba    0x4  exit.o [3]
  .text              ro code  0x080004c0    0xa  cexit.o [5]
  .text              ro code  0x080004cc   0x14  exit.o [6]
  .text              ro code  0x080004e0   0x10  startup_stm32f30x.o [1]
  .text              ro code  0x080004f0    0xc  cstartup_M.o [5]
  .text              ro code  0x080004fc    0x4  startup_stm32f30x.o [1]
  .text              ro code  0x08000500    0x4  startup_stm32f30x.o [1]
  .text              ro code  0x08000504    0x4  startup_stm32f30x.o [1]
  .text              ro code  0x08000508    0x4  startup_stm32f30x.o [1]
  .text              ro code  0x0800050c    0x4  startup_stm32f30x.o [1]
  .text              ro code  0x08000510    0x4  startup_stm32f30x.o [1]
  .text              ro code  0x08000514    0x4  startup_stm32f30x.o [1]
  .text              ro code  0x08000518    0x4  startup_stm32f30x.o [1]
  .text              ro code  0x0800051c    0x4  startup_stm32f30x.o [1]
  .text              ro code  0x08000520    0x4  startup_stm32f30x.o [1]
  .text              ro code  0x08000524    0x4  startup_stm32f30x.o [1]
  .text              ro code  0x08000528    0x4  startup_stm32f30x.o [1]
  .text              ro code  0x0800052c    0x4  startup_stm32f30x.o [1]
  .text              ro code  0x08000530    0x4  startup_stm32f30x.o [1]
  .text              ro code  0x08000534    0x4  startup_stm32f30x.o [1]
  .text              ro code  0x08000538    0x4  startup_stm32f30x.o [1]
  .text              ro code  0x0800053c    0x4  startup_stm32f30x.o [1]
  .text              ro code  0x08000540    0x4  startup_stm32f30x.o [1]
  .text              ro code  0x08000544    0x4  startup_stm32f30x.o [1]
  .text              ro code  0x08000548    0x4  startup_stm32f30x.o [1]
  .text              ro code  0x0800054c    0x4  startup_stm32f30x.o [1]
  .text              ro code  0x08000550    0x4  startup_stm32f30x.o [1]
  .text              ro code  0x08000554    0x4  startup_stm32f30x.o [1]
  .text              ro code  0x08000558    0x4  startup_stm32f30x.o [1]
  .text              ro code  0x0800055c    0x4  startup_stm32f30x.o [1]
  .text              ro code  0x08000560    0x4  startup_stm32f30x.o [1]
  .text              ro code  0x08000564    0x4  startup_stm32f30x.o [1]
  .text              ro code  0x08000568    0x4  startup_stm32f30x.o [1]
  .text              ro code  0x0800056c    0x4  startup_stm32f30x.o [1]
  .text              ro code  0x08000570    0x4  startup_stm32f30x.o [1]
  .text              ro code  0x08000574    0x4  startup_stm32f30x.o [1]
  .text              ro code  0x08000578    0x4  startup_stm32f30x.o [1]
  .text              ro code  0x0800057c    0x4  startup_stm32f30x.o [1]
  .text              ro code  0x08000580    0x4  startup_stm32f30x.o [1]
  .text              ro code  0x08000584    0x4  startup_stm32f30x.o [1]
  .text              ro code  0x08000588    0x4  startup_stm32f30x.o [1]
  .text              ro code  0x0800058c    0x4  startup_stm32f30x.o [1]
  .text              ro code  0x08000590    0x4  startup_stm32f30x.o [1]
  .text              ro code  0x08000594    0x4  startup_stm32f30x.o [1]
  .text              ro code  0x08000598    0x4  startup_stm32f30x.o [1]
  .text              ro code  0x0800059c    0x4  startup_stm32f30x.o [1]
  .text              ro code  0x080005a0    0x4  startup_stm32f30x.o [1]
  .text              ro code  0x080005a4    0x4  startup_stm32f30x.o [1]
  .text              ro code  0x080005a8    0x4  startup_stm32f30x.o [1]
  .text              ro code  0x080005ac    0x4  startup_stm32f30x.o [1]
  .text              ro code  0x080005b0    0x4  startup_stm32f30x.o [1]
  .text              ro code  0x080005b4    0x4  startup_stm32f30x.o [1]
  .text              ro code  0x080005b8    0x4  startup_stm32f30x.o [1]
  .text              ro code  0x080005bc    0x4  startup_stm32f30x.o [1]
  .text              ro code  0x080005c0    0x4  startup_stm32f30x.o [1]
  .text              ro code  0x080005c4    0x4  startup_stm32f30x.o [1]
  .text              ro code  0x080005c8    0x4  startup_stm32f30x.o [1]
  .text              ro code  0x080005cc    0x4  startup_stm32f30x.o [1]
  .text              ro code  0x080005d0    0x4  startup_stm32f30x.o [1]
  .text              ro code  0x080005d4    0x4  startup_stm32f30x.o [1]
  .text              ro code  0x080005d8    0x4  startup_stm32f30x.o [1]
  .text              ro code  0x080005dc    0x4  startup_stm32f30x.o [1]
  .text              ro code  0x080005e0    0x4  startup_stm32f30x.o [1]
  .text              ro code  0x080005e4    0x4  startup_stm32f30x.o [1]
  .text              ro code  0x080005e8    0x4  startup_stm32f30x.o [1]
  .text              ro code  0x080005ec    0x4  startup_stm32f30x.o [1]
  .text              ro code  0x080005f0    0x4  startup_stm32f30x.o [1]
  .text              ro code  0x080005f4    0x4  startup_stm32f30x.o [1]
  .text              ro code  0x080005f8    0x4  startup_stm32f30x.o [1]
  .text              ro code  0x080005fc    0x4  startup_stm32f30x.o [1]
  .text              ro code  0x08000600    0x4  startup_stm32f30x.o [1]
  .rodata            const    0x08000604    0x0  copy_init3.o [5]
  Initializer bytes  ro data  0x08000604   0x14  <for P2 s0>
                            - 0x08000618  0x490

"P2", part 1 of 2:                         0x18
  P2 s0                       0x20000000   0x14  <Init block>
    .data            inited   0x20000000   0x14  main.o [1]
                            - 0x20000014   0x14

"P2", part 2 of 2:                        0x400
  CSTACK                      0x20000018  0x400  <Block>
    CSTACK           uninit   0x20000018  0x400  <Block tail>
                            - 0x20000418  0x400


*******************************************************************************
*** INIT TABLE
***

          Address     Size
          -------     ----
Copy (__iar_copy_init3)
    1 source range, total size 0x14:
          0x08000604  0x14
    1 destination range, total size 0x14:
          0x20000000  0x14



*******************************************************************************
*** MODULE SUMMARY
***

    Module               ro code  ro data  rw data
    ------               -------  -------  -------
C:\sw\STM32F303VC\ST discovery\STM32F3-Discovery_FW_V1.1.0\STM32F3-Discovery_FW_V1.1.0\Project\Peripheral_Examples\FLASH_Program\EWARM\FLASH_Program\Obj: [1]
    main.o                   140       20       20
    startup_stm32f30x.o      672
    stm32f30x_flash.o        248
    stm32f30x_it.o            18
    system_stm32f30x.o       248
    ----------------------------------------------
    Total:                 1 326       20       20

command line: [2]
    ----------------------------------------------
    Total:

dl7M_tln.a: [3]
    exit.o                     4
    low_level_init.o           4
    ----------------------------------------------
    Total:                     8

m7M_tlv.a: [4]
    fpinit_M.o                26
    ----------------------------------------------
    Total:                    26

rt7M_tl.a: [5]
    cexit.o                   10
    cmain.o                   26
    copy_init3.o              46
    cstartup_M.o              12
    data_init.o               40
    ----------------------------------------------
    Total:                   134

shb_l.a: [6]
    exit.o                    20
    ----------------------------------------------
    Total:                    20

    Gaps                       6
    Linker created                     20    1 024
--------------------------------------------------
    Grand Total:           1 520       40    1 044


*******************************************************************************
*** ENTRY LIST
***

Entry                    Address  Size  Type      Object
-----                    -------  ----  ----      ------
?main                 0x0800049d        Code  Gb  cmain.o [5]
Address               0x20000008   0x4  Data  Gb  main.o [1]
BusFault_Handler      0x08000439   0x2  Code  Gb  stm32f30x_it.o [1]
CSTACK$$Base          0x20000018         --   Gb  - Linker created -
CSTACK$$Limit         0x20000418         --   Gb  - Linker created -
Data                  0x2000000c   0x4  Data  Gb  main.o [1]
DebugMon_Handler      0x0800043f   0x2  Code  Gb  stm32f30x_it.o [1]
EraseCounter          0x20000004   0x4  Data  Gb  main.o [1]
FLASHStatus           0x20000000   0x1  Data  Gb  main.o [1]
FLASH_ClearFlag       0x08000227   0x6  Code  Gb  stm32f30x_flash.o [1]
FLASH_ErasePage       0x080001af  0x30  Code  Gb  stm32f30x_flash.o [1]
FLASH_GetStatus       0x0800022d  0x22  Code  Gb  stm32f30x_flash.o [1]
FLASH_Lock            0x080001a1   0xe  Code  Gb  stm32f30x_flash.o [1]
FLASH_ProgramWord     0x080001df  0x40  Code  Gb  stm32f30x_flash.o [1]
FLASH_Unlock          0x08000189  0x18  Code  Gb  stm32f30x_flash.o [1]
FLASH_WaitForLastOperation
                      0x08000265  0x1c  Code  Gb  stm32f30x_flash.o [1]
HardFault_Handler     0x08000435   0x2  Code  Gb  stm32f30x_it.o [1]
MemManage_Handler     0x08000437   0x2  Code  Gb  stm32f30x_it.o [1]
MemoryProgramStatus   0x20000001   0x1  Data  Gb  main.o [1]
NMI_Handler           0x08000433   0x2  Code  Gb  stm32f30x_it.o [1]
NbrOfPage             0x20000010   0x4  Data  Gb  main.o [1]
PendSV_Handler        0x08000441   0x2  Code  Gb  stm32f30x_it.o [1]
Region$$Table$$Base   0x0800046c         --   Gb  - Linker created -
Region$$Table$$Limit  0x08000480         --   Gb  - Linker created -
SVC_Handler           0x0800043d   0x2  Code  Gb  stm32f30x_it.o [1]
SysTick_Handler       0x08000443   0x2  Code  Gb  stm32f30x_it.o [1]
SystemInit            0x08000281  0xda  Code  Gb  system_stm32f30x.o [1]
UsageFault_Handler    0x0800043b   0x2  Code  Gb  stm32f30x_it.o [1]
__cmain               0x0800049d        Code  Gb  cmain.o [5]
__exit                0x080004cd  0x14  Code  Gb  exit.o [6]
__iar_copy_init3      0x08000405  0x2e  Code  Gb  copy_init3.o [5]
__iar_data_init3      0x08000445  0x28  Code  Gb  data_init.o [5]
__iar_init_vfp        0x08000481        Code  Gb  fpinit_M.o [4]
__iar_program_start   0x080004f1        Code  Gb  cstartup_M.o [5]
__low_level_init      0x080004b7   0x4  Code  Gb  low_level_init.o [3]
__vector_table        0x08000000        Data  Gb  startup_stm32f30x.o [1]
_call_main            0x080004a9        Code  Gb  cmain.o [5]
_exit                 0x080004c1        Code  Gb  cexit.o [5]
_main                 0x080004b3        Code  Gb  cmain.o [5]
exit                  0x080004bb   0x4  Code  Gb  exit.o [3]
main                  0x08000379  0x8c  Code  Gb  main.o [1]


[1] = C:\sw\STM32F303VC\ST discovery\STM32F3-Discovery_FW_V1.1.0\STM32F3-Discovery_FW_V1.1.0\Project\Peripheral_Examples\FLASH_Program\EWARM\FLASH_Program\Obj
[2] = command line
[3] = dl7M_tln.a
[4] = m7M_tlv.a
[5] = rt7M_tl.a
[6] = shb_l.a

  1 520 bytes of readonly  code memory
     40 bytes of readonly  data memory
  1 044 bytes of readwrite data memory

Errors: none
Warnings: none
